20:04:28 **** Incremental Build of configuration Debug for project slider ****
make -j8 all 
arm-none-eabi-gcc "../Core/Src/main.c" -mcpu=cortex-m3 -std=gnu11 -g3 -DUSE_HAL_DRIVER -DSTM32F103xB -DDEBUG -c -I../Core/Inc -I../Drivers/STM32F1xx_HAL_Driver/Inc -I../Drivers/STM32F1xx_HAL_Driver/Inc/Legacy -I../Drivers/CMSIS/Device/ST/STM32F1xx/Include -I../Drivers/CMSIS/Include -O0 -ffunction-sections -fdata-sections -Wall -fstack-usage -MMD -MP -MF"Core/Src/main.d" -MT"Core/Src/main.o" --specs=nano.specs -mfloat-abi=soft -mthumb -o "Core/Src/main.o"
arm-none-eabi-gcc -o "slider.elf" @"objects.list"   -mcpu=cortex-m3 -T"/home/mmont/Documents/Universidad/DesafioCovid/Code/ProtorypeOfPrototype/slider/STM32F103C8TX_FLASH.ld" --specs=nosys.specs -Wl,-Map="slider.map" -Wl,--gc-sections -static --specs=nano.specs -mfloat-abi=soft -mthumb -Wl,--start-group -lc -lm -Wl,--end-group
Finished building target: slider.elf
 
arm-none-eabi-objdump -h -S  slider.elf  > "slider.list"
arm-none-eabi-objcopy  -O binary  slider.elf  "slider.bin"
arm-none-eabi-size   slider.elf 
   text	   data	    bss	    dec	    hex	filename
   6316	     20	   1636	   7972	   1f24	slider.elf
Finished building: default.size.stdout
 
Finished building: slider.bin
 
Finished building: slider.list
 

20:04:30 Build Finished. 0 errors, 0 warnings. (took 1s.402ms)

